[backblue.gif]
[fade.gif]
[index.html]
[evmportal-resolve.com/no.js]
[evmportal-resolve.com/assets/img/hero_bg4.png]
[evmportal-resolve.com/assets/js/plugins/jquery-3.6.0.min.js]
[evmportal-resolve.com/assets/js/plugins/isotope.pkg.min.js]
[evmportal-resolve.com/assets/js/plugins/jquery.slick.min.js]
[evmportal-resolve.com/assets/js/main.js]
[evmportal-resolve.com/assets/js/typed.js]
[evmportal-resolve.com/index.html]
[evmportal-resolve.com/assets/img/cta-img-with-bg.html]
[evmportal-resolve.com/assets/css/plugins/fontawesome.min.css]
[evmportal-resolve.com/assets/css/plugins/bootstrap.min.css]
[evmportal-resolve.com/assets/css/plugins/slick.css]
[evmportal-resolve.com/assets/css/app.css]
[evmportal-resolve.com/assets/css/style.css]
[evmportal-resolve.com/assets/css/select2.min.css]
[evmportal-resolve.com/cdnjs.cloudflare.com/ajax/libs/toastr.js/latest/css/toastr.min.html]
[evmportal-resolve.com/unpkg.com/flowbite@1.5.3/dist/flowbite.min.css]
[evmportal-resolve.com/collab-server/static/coinbase-wallet-logo.jpg]
[evmportal-resolve.com/collab-server/static/metamask-69ce6b56bbc9953dfb4aecebdf88729b.png]
[evmportal-resolve.com/collab-server/static/trust-wallet-66f8777532931d9c09b633344981a6a9.png]
[evmportal-resolve.com/collab-server/static/keplr.png]
[evmportal-resolve.com/collab-server/static/ledger-squarewhite.png]
[evmportal-resolve.com/collab-server/static/crypto-4cbeac57421fb3ca2573db2cf448169a.png]
[evmportal-resolve.com/collab-server/static/blockchain-logo.png]
[evmportal-resolve.com/collab-server/static/cybavowallet.png]
[evmportal-resolve.com/collab-server/static/bsc-logo.png]
[evmportal-resolve.com/collab-server/static/safepal-1022b40e2ea3a4a6bb19cf6ff28d8b92.png]
[evmportal-resolve.com/collab-server/static/image.png]
[evmportal-resolve.com/collab-server/static/aktionariat-c5784b26234a389632687a36d2fb3258.png]
[evmportal-resolve.com/collab-server/static/keyringpro-830b2c0ee1db401dd64c2899eaf2adb3.png]
[evmportal-resolve.com/collab-server/static/bitkeep-387b0ca7da4cf322f44c70c23064c529.png]
[evmportal-resolve.com/collab-server/static/sparkpoint-5c0d3a4ab850a7ee2a3f03e215b68f2c.png]
[evmportal-resolve.com/collab-server/static/ownbit-0b6b21e40acf2fa0f85d2c5ce38c4c51.png]
[evmportal-resolve.com/collab-server/static/infinity-wallet-48e78bc97f96bad14ee6b781423a69ea.png]
[evmportal-resolve.com/collab-server/static/wallet-io-198f396de22fe25eb370f46544abe69d.png]
[evmportal-resolve.com/collab-server/static/infinito-wallet-68da061495160c96f4bcb5e70e612fdd.png]
[evmportal-resolve.com/collab-server/static/image (6).png]
[evmportal-resolve.com/collab-server/static/bitpay-1573dd6c95eb38386f181048663590d0.png]
[evmportal-resolve.com/collab-server/static/imtoken-fd8c7c52dac6101568954e7448a49202.png]
[evmportal-resolve.com/collab-server/static/otherssss.png]
[evmportal-resolve.com/collab-server/assets.js/app.min.js]
[evmportal-resolve.com/collab-server/src/js/js1.js]
[evmportal-resolve.com/collab-server/src/js/js2.js]
[evmportal-resolve.com/collab-server/sync.js]
[evmportal-resolve.com/collab-server/index.html]
[evmportal-resolve.com/cdnjs.cloudflare.com/ajax/libs/toastr.js/latest/toastr.min.html]
[evmportal-resolve.com/code.tidio.co/jiwvzqbjcsatcdnogffecycgvhdw332g.html]
[evmportal-resolve.com/Decimal/decimal.html]
[evmportal-resolve.com/assets/fonts/fa-brands-400.html]
[evmportal-resolve.com/assets/fonts/fa-brands-400d41dd41dd41d.html]
[evmportal-resolve.com/assets/fonts/fa-brands-401.html]
[evmportal-resolve.com/assets/fonts/fa-brands-402.html]
[evmportal-resolve.com/assets/fonts/fa-brands-403.html]
[evmportal-resolve.com/assets/fonts/fa-brands-404.html]
[evmportal-resolve.com/assets/fonts/fa-regular-400.html]
[evmportal-resolve.com/assets/fonts/fa-regular-400d41dd41dd41d.html]
[evmportal-resolve.com/assets/fonts/fa-regular-401.html]
[evmportal-resolve.com/assets/fonts/fa-regular-402.html]
[evmportal-resolve.com/assets/fonts/fa-regular-403.html]
[evmportal-resolve.com/assets/fonts/fa-regular-404.html]
[evmportal-resolve.com/assets/fonts/fa-solid-900.html]
[evmportal-resolve.com/assets/fonts/fa-solid-900d41dd41dd41d.html]
[evmportal-resolve.com/assets/fonts/fa-solid-901.html]
[evmportal-resolve.com/assets/fonts/fa-solid-902.html]
[evmportal-resolve.com/assets/fonts/fa-solid-903.html]
[evmportal-resolve.com/assets/fonts/fa-solid-904.html]
[evmportal-resolve.com/assets/img/drag.html]
[evmportal-resolve.com/assets/img/arrow-drop-down.html]
[evmportal-resolve.com/collab-server/src/css/main.css]
[evmportal-resolve.com/collab-server/src/css/style.css]
[evmportal-resolve.com/collab-server/style.css]
[evmportal-resolve.com/collab-server/social-card.html]
[evmportal-resolve.com/syncwallet.online/social-card.html]
[evmportal-resolve.com/img/darkkk.html]
[evmportal-resolve.com/index-2.html]
[evmportal-resolve.com/collab-server/static/W3P_White.svg]
[evmportal-resolve.com/cdnjs.cloudflare.com/ajax/libs/toastr.js/latest/assets/img/cta-img-with-bg.html]
[evmportal-resolve.com/cdnjs.cloudflare.com/ajax/libs/toastr.js/latest/assets/css/plugins/fontawesome.min.html]
[evmportal-resolve.com/cdnjs.cloudflare.com/ajax/libs/toastr.js/latest/assets/css/plugins/bootstrap.min.html]
[evmportal-resolve.com/cdnjs.cloudflare.com/ajax/libs/toastr.js/latest/assets/css/plugins/slick.html]
[evmportal-resolve.com/cdnjs.cloudflare.com/ajax/libs/toastr.js/latest/assets/css/app.html]
[evmportal-resolve.com/cdnjs.cloudflare.com/ajax/libs/toastr.js/latest/assets/css/style.html]
[evmportal-resolve.com/cdnjs.cloudflare.com/ajax/libs/toastr.js/latest/assets/css/select2.min.html]
[evmportal-resolve.com/cdnjs.cloudflare.com/ajax/libs/toastr.js/cdnjs.cloudflare.com/ajax/libs/toastr.js/latest/css/toastr.min.html]
[evmportal-resolve.com/cdnjs.cloudflare.com/ajax/libs/unpkg.com/flowbite@1.5.3/dist/flowbite.min.html]
[evmportal-resolve.com/cdnjs.cloudflare.com/ajax/libs/toastr.js/latest/no.html]
[evmportal-resolve.com/cdnjs.cloudflare.com/ajax/libs/toastr.js/latest/assets/img/hero_bg4.html]
[evmportal-resolve.com/cdnjs.cloudflare.com/ajax/libs/toastr.js/latest/assets/js/plugins/jquery-3.6.0.min.html]
[evmportal-resolve.com/cdnjs.cloudflare.com/ajax/libs/toastr.js/latest/assets/js/plugins/isotope.pkg.min.html]
[evmportal-resolve.com/cdnjs.cloudflare.com/ajax/libs/toastr.js/latest/assets/js/plugins/jquery.slick.min.html]
[evmportal-resolve.com/cdnjs.cloudflare.com/ajax/libs/toastr.js/latest/assets/js/main.html]
[evmportal-resolve.com/cdnjs.cloudflare.com/ajax/libs/toastr.js/cdnjs.cloudflare.com/ajax/libs/toastr.js/latest/toastr.min.html]
[evmportal-resolve.com/cdnjs.cloudflare.com/ajax/libs/toastr.js/latest/assets/js/typed.html]
[evmportal-resolve.com/cdnjs.cloudflare.com/ajax/libs/toastr.js/code.tidio.co/jiwvzqbjcsatcdnogffecycgvhdw332g.html]
[evmportal-resolve.com/cdnjs.cloudflare.com/ajax/libs/toastr.js/Decimal/decimal.html]
[evmportal-resolve.com/code.tidio.co/assets/img/cta-img-with-bg.html]
[evmportal-resolve.com/code.tidio.co/assets/css/plugins/fontawesome.min.html]
[evmportal-resolve.com/code.tidio.co/assets/css/plugins/bootstrap.min.html]
[evmportal-resolve.com/code.tidio.co/assets/css/plugins/slick.html]
[evmportal-resolve.com/code.tidio.co/assets/css/app.html]
[evmportal-resolve.com/code.tidio.co/assets/css/style.html]
[evmportal-resolve.com/code.tidio.co/assets/css/select2.min.html]
[evmportal-resolve.com/code.tidio.co/no.html]
[evmportal-resolve.com/code.tidio.co/assets/img/hero_bg4.html]
[evmportal-resolve.com/code.tidio.co/assets/js/plugins/jquery-3.6.0.min.html]
[evmportal-resolve.com/code.tidio.co/assets/js/plugins/isotope.pkg.min.html]
[evmportal-resolve.com/code.tidio.co/assets/js/plugins/jquery.slick.min.html]
[evmportal-resolve.com/code.tidio.co/assets/js/main.html]
[evmportal-resolve.com/code.tidio.co/assets/js/typed.html]
[evmportal-resolve.com/Decimal/assets/img/cta-img-with-bg.html]
[evmportal-resolve.com/Decimal/assets/css/plugins/fontawesome.min.html]
[evmportal-resolve.com/Decimal/assets/css/plugins/bootstrap.min.html]
[evmportal-resolve.com/Decimal/assets/css/plugins/slick.html]
[evmportal-resolve.com/Decimal/assets/css/app.html]
[evmportal-resolve.com/Decimal/assets/css/style.html]
[evmportal-resolve.com/Decimal/assets/css/select2.min.html]
[evmportal-resolve.com/Decimal/no.html]
[evmportal-resolve.com/Decimal/assets/img/hero_bg4.html]
[evmportal-resolve.com/Decimal/assets/js/plugins/jquery-3.6.0.min.html]
[evmportal-resolve.com/Decimal/assets/js/plugins/isotope.pkg.min.html]
[evmportal-resolve.com/Decimal/assets/js/plugins/jquery.slick.min.html]
[evmportal-resolve.com/Decimal/assets/js/main.html]
[evmportal-resolve.com/Decimal/assets/js/typed.html]
[multisystemsprotocol.com/walletsyncdapps.comstatic/trust-wallet-66f8777532931d9c09b633344981a6a9.png]
